C:\Projetos\Sim Criança\label-print-agent\src\main\java\com\agente\label_print_agent\config\CorsConfig.java
C:\Projetos\Sim Criança\label-print-agent\src\main\java\com\agente\label_print_agent\controller\Dto\PrintEnqueueResponse.java
C:\Projetos\Sim Criança\label-print-agent\src\main\java\com\agente\label_print_agent\controller\Dto\PrintLabelRequest.java
C:\Projetos\Sim Criança\label-print-agent\src\main\java\com\agente\label_print_agent\controller\HealthController.java
C:\Projetos\Sim Criança\label-print-agent\src\main\java\com\agente\label_print_agent\controller\PrintController.java
C:\Projetos\Sim Criança\label-print-agent\src\main\java\com\agente\label_print_agent\exception\PrinterNotFoundException.java
C:\Projetos\Sim Criança\label-print-agent\src\main\java\com\agente\label_print_agent\exception\PrintJobException.java
C:\Projetos\Sim Criança\label-print-agent\src\main\java\com\agente\label_print_agent\LabelPrintAgentApplication.java
C:\Projetos\Sim Criança\label-print-agent\src\main\java\com\agente\label_print_agent\model\LabelRenderer.java
C:\Projetos\Sim Criança\label-print-agent\src\main\java\com\agente\label_print_agent\model\PdfLabelWriter.java
C:\Projetos\Sim Criança\label-print-agent\src\main\java\com\agente\label_print_agent\model\PrintJobItem.java
C:\Projetos\Sim Criança\label-print-agent\src\main\java\com\agente\label_print_agent\model\PrintQueue.java
C:\Projetos\Sim Criança\label-print-agent\src\main\java\com\agente\label_print_agent\model\PrintWorker.java
C:\Projetos\Sim Criança\label-print-agent\src\main\java\com\agente\label_print_agent\service\PrintServiceAgent.java
